# RESET
reset

# === Create Ring Geometry ===
create cylinder height 1 radius 5
create cylinder height 2 radius 4
subtract body 2 from body 1

create brick height 2 width 2 depth 6
move volume 3 y 3.5 include_merged
subtract body 3 from body 1

# === Mesh Ring ===
surface 19 size auto factor 1
mesh surface 19
volume 1 size auto factor 2
mesh volume 1

# === Create Jaws ===
create cylinder height 2 radius 3.5
create brick height 2 width 1 depth 8
subtract body 5 from body 4
webcut body 4 with plane xplane offset 0

move Volume 7  x .19 include_merged
move Volume 8  x -.19 include_merged

# === Mesh Jaw Surfaces and Volumes ===
surface 36 size auto factor 1
surface 32 size auto factor 1
mesh surface 36
mesh surface 32
volume 8 size auto factor 5
volume 7 size auto factor 5
mesh volume 8
mesh volume 7

# === Define Side Sets (for MOOSE BCs & Contact) ===
undo group begin
sideset 4 add surface 32
sideset 4 name "JawL"

sideset 5 add surface 36
sideset 5 name "JawR"

sideset 8 add surface 19
sideset 8 name "InnerRing"

sideset 7 add surface 20
sideset 7 name "outer"

undo group end

# === Define Node Sets (optional, not used for BCs) ===
nodeset 10 add volume 1
nodeset 10 name "Ring"

nodeset 1 add volume 7
nodeset 1 name "JawR"

# === Define Blocks (Material Assignments) ===
block 10 add volume 1
block 10 name "Ring"

block 20 add volume 7
block 20 name "JawR"

block 30 add volume 8
block 30 name "JawL"

#== Moing Volumes==
 move volume 7 x 0.25
move volume 8 x -0.25
# === Export to Exodus ===
undo group begin
set exodus netcdf4 off
set large exodus file on
export mesh "SiC_JandR.e" overwrite
undo group end





